---
source: tests/syntax_snapshots.rs
expression: "render(input, ParseOptions::default())"
---
input: "echo \"a $(echo \"b ${c:-`d`}\") e\" `f \\`g\\``"
spans:
  5..32 double-quoted "\"a $(echo \"b ${c:-`d`}\") e\""
  8..10 substitution "$("
  15..28 double-quoted "\"b ${c:-`d`}\""
  18..27 parameter "${c:-`d`}"
  23..26 backquoted "`d`"
  28..29 substitution ")"
  33..42 backquoted "`f \\`g\\``"
  36..38 escape "\\`"
  39..41 escape "\\`"
commands:
  "echo" | "\"a $(echo \"b ${c:-`d`}\") e\"" (expanded) | "`f \\`g\\``" (expanded)
  "echo" | "\"b ${c:-`d`}\"" (expanded)
  "d"
  "f" | "\\`g\\`" (literal "`g`")
