---
source: tests/syntax_snapshots.rs
expression: "render(input, ParseOptions::default())"
---
input: "fi; | x && || y; echo > ; echo }; ( a ) b; esac;; )"
spans:
  0..2 error "fi"
  2..3 separator ";"
  4..5 error "|"
  8..10 separator "&&"
  11..13 error "||"
  15..16 separator ";"
  22..23 error ">"
  24..25 separator ";"
  31..32 error "}"
  32..33 separator ";"
  34..35 grouping "("
  38..39 grouping ")"
  40..41 error "b"
  41..42 separator ";"
  43..47 error "esac"
  47..49 error ";;"
  50..51 error ")"
commands:
  "x"
  "y"
  "echo"
  "echo"
  "a"
